To honour the JVM settings for this build a single-use Daemon process will be forked. For more on this, please refer to https://docs.gradle.org/8.13/userguide/gradle_daemon.html#sec:disabling_the_daemon in the Gradle documentation.
Daemon will be stopped at the end of the build 
> Task :app:preBuild UP-TO-DATE
> Task :app:preDebugBuild UP-TO-DATE
> Task :app:mergeDebugNativeDebugMetadata NO-SOURCE
> Task :app:javaPreCompileDebug
> Task :app:checkDebugAarMetadata
> Task :app:processDebugNavigationResources
> Task :app:generateDebugResValues
> Task :app:compileDebugNavigationResources
> Task :app:mapDebugSourceSetPaths
> Task :app:generateDebugResources
> Task :app:packageDebugResources
> Task :app:mergeDebugResources
> Task :app:createDebugCompatibleScreenManifests
> Task :app:extractDeepLinksDebug
> Task :app:parseDebugLocalResources
> Task :app:processDebugMainManifest
> Task :app:processDebugManifest
> Task :app:mergeDebugShaders
> Task :app:processDebugManifestForPackage
> Task :app:compileDebugShaders NO-SOURCE
> Task :app:generateDebugAssets UP-TO-DATE
> Task :app:mergeDebugAssets
> Task :app:compressDebugAssets
> Task :app:processDebugJavaRes NO-SOURCE
> Task :app:checkDebugDuplicateClasses
> Task :app:processDebugResources
> Task :app:mergeLibDexDebug
> Task :app:mergeDebugJavaResource
> Task :app:desugarDebugFileDependencies

> Task :app:compileDebugJavaWithJavac
Note: /home/runner/work/ROON/ROON/android-v31/app/src/main/java/com/onroonlink/r8v31/PolicyVpnService.java uses or overrides a deprecated API.
Note: Recompile with -Xlint:deprecation for details.

> Task :app:dexBuilderDebug
> Task :app:mergeDebugGlobalSynthetics
> Task :app:mergeDebugJniLibFolders
> Task :app:mergeExtDexDebug
> Task :app:mergeProjectDexDebug
> Task :app:mergeDebugNativeLibs
> Task :app:validateSigningDebug
> Task :app:writeDebugAppMetadata
> Task :app:writeDebugSigningConfigVersions

> Task :app:stripDebugDebugSymbols
Unable to strip the following libraries, packaging them as they are: libgojni.so. Run with --info option to learn more.

> Task :app:packageDebug
> Task :app:createDebugApkListingFileRedirect
> Task :app:assembleDebug
gradle/actions: Writing build results to /home/runner/work/_temp/.gradle-actions/build-results/apk-1787078727693.json

[Incubating] Problems report is available at: file:///home/runner/work/ROON/ROON/android-v31/build/reports/problems/problems-report.html

BUILD SUCCESSFUL in 33s
36 actionable tasks: 36 executed
