go: downloading golang.org/x/mobile v0.0.0-20260816165457-f98cc9b3c733
go: downloading golang.org/x/mod v0.39.0
go: downloading golang.org/x/sync v0.22.0
go: downloading golang.org/x/tools v0.49.0
go: downloading github.com/xjasonlyu/tun2socks/v2 v2.6.0
go: downloading github.com/docker/go-units v0.5.0
go: downloading github.com/gorilla/schema v1.4.1
go: downloading github.com/google/shlex v0.0.0-20191202100458-e7afc7fbc510
go: downloading golang.org/x/sys v0.33.0
go: downloading golang.zx2c4.com/wireguard v0.0.0-20250521234502-f333402bd9cb
go: downloading gvisor.dev/gvisor v0.0.0-20250523182742-eede7a881b20
go: downloading golang.org/x/time v0.11.0
go: downloading go.uber.org/atomic v1.11.0
go: downloading go.uber.org/zap v1.27.0
go: downloading github.com/go-gost/relay v0.5.0
go: downloading github.com/go-chi/chi/v5 v5.2.1
go: downloading github.com/go-chi/cors v1.2.1
go: downloading github.com/go-chi/render v1.0.3
go: downloading github.com/gorilla/websocket v1.5.3
go: downloading golang.zx2c4.com/wintun v0.0.0-20230126152724-0fa3db229ce2
go: downloading github.com/google/btree v1.1.3
go: downloading github.com/stretchr/testify v1.9.0
go: downloading go.uber.org/multierr v1.11.0
go: downloading gopkg.in/yaml.v3 v3.0.1
go: downloading github.com/ajg/form v1.5.1
go: downloading github.com/google/uuid v1.6.0
go: downloading golang.org/x/net v0.40.0
go: downloading golang.org/x/crypto v0.38.0
go: downloading github.com/davecgh/go-spew v1.1.1
go: downloading github.com/pmezard/go-difflib v1.0.0
go: downloading go.uber.org/goleak v1.3.0
gomobile bind requires golang.org/x/mobile in the current module, but it is not in the module dependency graph.

Add it with:

	go get -tool golang.org/x/mobile/cmd/gobind

This records a tool directive in go.mod so subsequent go mod tidy runs keep
the dependency. See https://go.dev/doc/modules/managing-dependencies#tools
for details and https://go.dev/issue/77183 for background.
gomobile: missing golang.org/x/mobile dependency
