To honour the JVM settings for this build a single-use Daemon process will be forked. For more on this, please refer to https://docs.gradle.org/8.13/userguide/gradle_daemon.html#sec:disabling_the_daemon in the Gradle documentation.
Daemon will be stopped at the end of the build 
> Task :app:preBuild UP-TO-DATE
> Task :app:preDebugBuild UP-TO-DATE
> Task :app:mergeDebugNativeDebugMetadata NO-SOURCE
> Task :app:javaPreCompileDebug
> Task :app:checkDebugAarMetadata
> Task :app:generateDebugResValues
> Task :app:mapDebugSourceSetPaths
> Task :app:generateDebugResources
> Task :app:packageDebugResources
> Task :app:mergeDebugResources
> Task :app:createDebugCompatibleScreenManifests
> Task :app:extractDeepLinksDebug
> Task :app:parseDebugLocalResources
> Task :app:processDebugMainManifest
> Task :app:processDebugManifest
> Task :app:mergeDebugShaders
> Task :app:compileDebugShaders NO-SOURCE
> Task :app:generateDebugAssets UP-TO-DATE
> Task :app:mergeDebugAssets
> Task :app:compressDebugAssets
> Task :app:desugarDebugFileDependencies
> Task :app:processDebugJavaRes NO-SOURCE
> Task :app:processDebugManifestForPackage
> Task :app:checkDebugDuplicateClasses
> Task :app:mergeDebugJavaResource
> Task :app:mergeDebugJniLibFolders
> Task :app:mergeDebugNativeLibs NO-SOURCE
> Task :app:stripDebugDebugSymbols NO-SOURCE
> Task :app:mergeExtDexDebug
> Task :app:mergeLibDexDebug
> Task :app:processDebugResources
> Task :app:validateSigningDebug

> Task :app:compileDebugJavaWithJavac FAILED
/home/runner/work/ROON/ROON/android-netshare/app/src/main/java/com/onroonlink/nativev1/netshare/TunnelService.java:35: error: cannot find symbol
    @Override public int onStartCommand(Intent i, int flags, int id) {
                                        ^
  symbol:   class Intent
  location: class TunnelService
Note: /home/runner/work/ROON/ROON/android-netshare/app/src/main/java/com/onroonlink/nativev1/netshare/TunnelService.java uses or overrides a deprecated API.
Note: Recompile with -Xlint:deprecation for details.
1 error
gradle/actions: Writing build results to /home/runner/work/_temp/.gradle-actions/build-results/build-1787027197438.json

[Incubating] Problems report is available at: file:///home/runner/work/ROON/ROON/android-netshare/build/reports/problems/problems-report.html

FAILURE: Build failed with an exception.

* What went wrong:
Execution failed for task ':app:compileDebugJavaWithJavac'.
> Compilation failed; see the compiler output below.
  /home/runner/work/ROON/ROON/android-netshare/app/src/main/java/com/onroonlink/nativev1/netshare/TunnelService.java:35: error: cannot find symbol
      @Override public int onStartCommand(Intent i, int flags, int id) {
                                          ^
    symbol:   class Intent
    location: class TunnelService
  Note: /home/runner/work/ROON/ROON/android-netshare/app/src/main/java/com/onroonlink/nativev1/netshare/TunnelService.java uses or overrides a deprecated API.
  Note: Recompile with -Xlint:deprecation for details.
  1 error

* Try:
> Check your code and dependencies to fix the compilation error(s)
> Run with --scan to get full insights.

Deprecated Gradle features were used in this build, making it incompatible with Gradle 9.0.

You can use '--warning-mode all' to show the individual deprecation warnings and determine if they come from your own scripts or plugins.

For more on this, please refer to https://docs.gradle.org/8.13/userguide/command_line_interface.html#sec:command_line_warnings in the Gradle documentation.

BUILD FAILED in 15s
25 actionable tasks: 25 executed
